Java HotSpot(TM) 64-Bit Server VM (25.251-b08) for windows-amd64 JRE (1.8.0_251-b08), built on Mar 12 2020 06:31:49 by "" with MS VC++ 10.0 (VS2010)
Memory: 4k page, physical 16659688k(4826900k free), swap 21525540k(2646460k free)
CommandLine flags: -XX:InitialHeapSize=536870912 -XX:MaxHeapSize=536870912 -XX:+PrintGC -XX:+PrintGCDateStamps -XX:+PrintGCDetails -XX:+PrintGCTimeStamps -XX:+UseCompressedClassPointers -XX:+UseCompressedOops -XX:-UseLargePagesIndividualAllocation -XX:+UseSerialGC 
2021-03-29T21:58:40.680+0800: 0.757: [GC (Allocation Failure) 2021-03-29T21:58:40.680+0800: 0.757: [DefNew: 139434K->17471K(157248K), 0.0356862 secs] 139434K->46698K(506816K), 0.0359163 secs] [Times: user=0.03 sys=0.02, real=0.04 secs] 
2021-03-29T21:58:40.744+0800: 0.821: [GC (Allocation Failure) 2021-03-29T21:58:40.744+0800: 0.821: [DefNew: 157247K->17471K(157248K), 0.0526667 secs] 186474K->95193K(506816K), 0.0527281 secs] [Times: user=0.02 sys=0.05, real=0.05 secs] 
2021-03-29T21:58:40.824+0800: 0.901: [GC (Allocation Failure) 2021-03-29T21:58:40.824+0800: 0.901: [DefNew: 157079K->17472K(157248K), 0.0395136 secs] 234802K->141134K(506816K), 0.0395735 secs] [Times: user=0.00 sys=0.03, real=0.04 secs] 
2021-03-29T21:58:40.897+0800: 0.973: [GC (Allocation Failure) 2021-03-29T21:58:40.897+0800: 0.973: [DefNew: 157168K->17472K(157248K), 0.0515468 secs] 280831K->186738K(506816K), 0.0516812 secs] [Times: user=0.03 sys=0.02, real=0.05 secs] 
2021-03-29T21:58:40.974+0800: 1.051: [GC (Allocation Failure) 2021-03-29T21:58:40.974+0800: 1.051: [DefNew: 157229K->17471K(157248K), 0.0409414 secs] 326495K->230395K(506816K), 0.0410188 secs] [Times: user=0.01 sys=0.03, real=0.04 secs] 
2021-03-29T21:58:41.047+0800: 1.124: [GC (Allocation Failure) 2021-03-29T21:58:41.047+0800: 1.124: [DefNew: 157247K->17471K(157248K), 0.0428033 secs] 370171K->272966K(506816K), 0.0428787 secs] [Times: user=0.02 sys=0.02, real=0.04 secs] 
2021-03-29T21:58:41.121+0800: 1.198: [GC (Allocation Failure) 2021-03-29T21:58:41.121+0800: 1.198: [DefNew: 157200K->17471K(157248K), 0.0376986 secs] 412695K->319578K(506816K), 0.0377690 secs] [Times: user=0.00 sys=0.03, real=0.04 secs] 
2021-03-29T21:58:41.187+0800: 1.265: [GC (Allocation Failure) 2021-03-29T21:58:41.187+0800: 1.265: [DefNew: 157247K->157247K(157248K), 0.0000162 secs]2021-03-29T21:58:41.187+0800: 1.265: [Tenured: 302106K->266132K(349568K), 0.0434255 secs] 459354K->266132K(506816K), [Metaspace: 3795K->3795K(1056768K)], 0.0435465 secs] [Times: user=0.05 sys=0.00, real=0.04 secs] 
2021-03-29T21:58:41.256+0800: 1.334: [GC (Allocation Failure) 2021-03-29T21:58:41.256+0800: 1.334: [DefNew: 139689K->17469K(157248K), 0.0110620 secs] 405821K->317369K(506816K), 0.0111375 secs] [Times: user=0.02 sys=0.00, real=0.01 secs] 
2021-03-29T21:58:41.291+0800: 1.368: [GC (Allocation Failure) 2021-03-29T21:58:41.291+0800: 1.368: [DefNew: 157245K->17471K(157248K), 0.0345787 secs] 457145K->360902K(506816K), 0.0346778 secs] [Times: user=0.03 sys=0.02, real=0.04 secs] 
2021-03-29T21:58:41.348+0800: 1.425: [GC (Allocation Failure) 2021-03-29T21:58:41.348+0800: 1.426: [DefNew: 157247K->157247K(157248K), 0.0000213 secs]2021-03-29T21:58:41.349+0800: 1.426: [Tenured: 343430K->310206K(349568K), 0.0562227 secs] 500678K->310206K(506816K), [Metaspace: 3795K->3795K(1056768K)], 0.0563365 secs] [Times: user=0.06 sys=0.00, real=0.06 secs] 
2021-03-29T21:58:41.424+0800: 1.502: [GC (Allocation Failure) 2021-03-29T21:58:41.424+0800: 1.502: [DefNew: 139496K->139496K(157248K), 0.0000164 secs]2021-03-29T21:58:41.424+0800: 1.502: [Tenured: 310206K->318449K(349568K), 0.0557110 secs] 449702K->318449K(506816K), [Metaspace: 3795K->3795K(1056768K)], 0.0558142 secs] [Times: user=0.06 sys=0.00, real=0.06 secs] 
Heap
 def new generation   total 157248K, used 9695K [0x00000000e0000000, 0x00000000eaaa0000, 0x00000000eaaa0000)
  eden space 139776K,   6% used [0x00000000e0000000, 0x00000000e0977d68, 0x00000000e8880000)
  from space 17472K,   0% used [0x00000000e9990000, 0x00000000e9990000, 0x00000000eaaa0000)
  to   space 17472K,   0% used [0x00000000e8880000, 0x00000000e8880000, 0x00000000e9990000)
 tenured generation   total 349568K, used 318449K [0x00000000eaaa0000, 0x0000000100000000, 0x0000000100000000)
   the space 349568K,  91% used [0x00000000eaaa0000, 0x00000000fe19c440, 0x00000000fe19c600, 0x0000000100000000)
 Metaspace       used 3802K, capacity 4540K, committed 4864K, reserved 1056768K
  class space    used 420K, capacity 428K, committed 512K, reserved 1048576K
